
==================================================
Random search for DDPG
==================================================
  Trial 1/10 | config: {'learning_rate': 0.0003, 'batch_size': 128, 'tau': 0.005, 'learning_starts': 5000, 'net_arch': [256, 256]}
    success_rate=0.00
  Trial 2/10 | config: {'learning_rate': 0.0003, 'batch_size': 256, 'tau': 0.01, 'learning_starts': 5000, 'net_arch': [256, 256]}
    success_rate=0.20
  Trial 3/10 | config: {'learning_rate': 0.001, 'batch_size': 512, 'tau': 0.01, 'learning_starts': 10000, 'net_arch': [256, 256]}
    success_rate=0.00
  Trial 4/10 | config: {'learning_rate': 0.003, 'batch_size': 256, 'tau': 0.005, 'learning_starts': 10000, 'net_arch': [256, 256, 256]}
    success_rate=0.00
  Trial 5/10 | config: {'learning_rate': 0.003, 'batch_size': 256, 'tau': 0.005, 'learning_starts': 1000, 'net_arch': [256, 256, 256]}
    success_rate=0.00
  Trial 6/10 | config: {'learning_rate': 0.0003, 'batch_size': 256, 'tau': 0.001, 'learning_starts': 5000, 'net_arch': [256, 256, 256]}
    success_rate=0.20
  Trial 7/10 | config: {'learning_rate': 0.001, 'batch_size': 512, 'tau': 0.001, 'learning_starts': 10000, 'net_arch': [128, 128]}
    success_rate=0.00
  Trial 8/10 | config: {'learning_rate': 0.0003, 'batch_size': 512, 'tau': 0.001, 'learning_starts': 10000, 'net_arch': [64, 64]}
    success_rate=0.00
  Trial 9/10 | config: {'learning_rate': 0.0003, 'batch_size': 128, 'tau': 0.001, 'learning_starts': 1000, 'net_arch': [64, 64]}
    success_rate=0.20
  Trial 10/10 | config: {'learning_rate': 0.001, 'batch_size': 256, 'tau': 0.001, 'learning_starts': 10000, 'net_arch': [256, 256]}
    success_rate=0.00

  Best config for DDPG: {'learning_rate': 0.0003, 'batch_size': 256, 'tau': 0.01, 'learning_starts': 5000, 'net_arch': [256, 256]} (score=0.20)

==================================================
Random search for TD3
==================================================
  Trial 1/10 | config: {'learning_rate': 0.003, 'batch_size': 256, 'tau': 0.005, 'learning_starts': 1000, 'net_arch': [128, 128]}
    success_rate=0.30
  Trial 2/10 | config: {'learning_rate': 0.001, 'batch_size': 512, 'tau': 0.005, 'learning_starts': 10000, 'net_arch': [256, 256, 256]}
    success_rate=0.20
  Trial 3/10 | config: {'learning_rate': 0.003, 'batch_size': 128, 'tau': 0.01, 'learning_starts': 10000, 'net_arch': [64, 64]}
    success_rate=0.20
  Trial 4/10 | config: {'learning_rate': 0.003, 'batch_size': 128, 'tau': 0.005, 'learning_starts': 5000, 'net_arch': [64, 64]}
    success_rate=0.20
  Trial 5/10 | config: {'learning_rate': 0.003, 'batch_size': 256, 'tau': 0.005, 'learning_starts': 5000, 'net_arch': [64, 64]}
    success_rate=0.00
  Trial 6/10 | config: {'learning_rate': 0.003, 'batch_size': 128, 'tau': 0.001, 'learning_starts': 1000, 'net_arch': [128, 128]}
    success_rate=0.00
  Trial 7/10 | config: {'learning_rate': 0.001, 'batch_size': 256, 'tau': 0.001, 'learning_starts': 10000, 'net_arch': [64, 64]}
    success_rate=0.30
  Trial 8/10 | config: {'learning_rate': 0.001, 'batch_size': 128, 'tau': 0.005, 'learning_starts': 10000, 'net_arch': [256, 256]}
    success_rate=0.50
  Trial 9/10 | config: {'learning_rate': 0.003, 'batch_size': 512, 'tau': 0.01, 'learning_starts': 1000, 'net_arch': [64, 64]}
    success_rate=0.10
  Trial 10/10 | config: {'learning_rate': 0.0003, 'batch_size': 128, 'tau': 0.001, 'learning_starts': 1000, 'net_arch': [256, 256, 256]}
    success_rate=0.50

  Best config for TD3: {'learning_rate': 0.001, 'batch_size': 128, 'tau': 0.005, 'learning_starts': 10000, 'net_arch': [256, 256]} (score=0.50)

==================================================
Random search for SAC
==================================================
  Trial 1/10 | config: {'learning_rate': 0.0003, 'batch_size': 512, 'tau': 0.005, 'learning_starts': 2000, 'net_arch': [256, 256, 256], 'ent_coef': 0.1}
    success_rate=0.00
  Trial 2/10 | config: {'learning_rate': 0.0001, 'batch_size': 128, 'tau': 0.005, 'learning_starts': 2000, 'net_arch': [128, 128], 'ent_coef': 0.1}
    success_rate=0.40
  Trial 3/10 | config: {'learning_rate': 0.0001, 'batch_size': 256, 'tau': 0.01, 'learning_starts': 1000, 'net_arch': [256, 256, 256], 'ent_coef': 'auto'}
    success_rate=0.60
  Trial 4/10 | config: {'learning_rate': 0.001, 'batch_size': 512, 'tau': 0.005, 'learning_starts': 500, 'net_arch': [64, 64], 'ent_coef': 0.1}
    success_rate=0.30
  Trial 5/10 | config: {'learning_rate': 0.001, 'batch_size': 256, 'tau': 0.01, 'learning_starts': 1000, 'net_arch': [256, 256], 'ent_coef': 0.01}
    success_rate=0.00
  Trial 6/10 | config: {'learning_rate': 0.0001, 'batch_size': 512, 'tau': 0.005, 'learning_starts': 1000, 'net_arch': [128, 128], 'ent_coef': 0.1}
    success_rate=0.40
  Trial 7/10 | config: {'learning_rate': 0.0001, 'batch_size': 512, 'tau': 0.005, 'learning_starts': 1000, 'net_arch': [256, 256, 256], 'ent_coef': 0.1}
    success_rate=0.50
  Trial 8/10 | config: {'learning_rate': 0.0003, 'batch_size': 512, 'tau': 0.01, 'learning_starts': 500, 'net_arch': [64, 64], 'ent_coef': 'auto'}
    success_rate=0.00
  Trial 9/10 | config: {'learning_rate': 0.0001, 'batch_size': 256, 'tau': 0.005, 'learning_starts': 2000, 'net_arch': [64, 64], 'ent_coef': 0.1}
    success_rate=0.50
  Trial 10/10 | config: {'learning_rate': 0.001, 'batch_size': 512, 'tau': 0.01, 'learning_starts': 1000, 'net_arch': [64, 64], 'ent_coef': 0.1}
    success_rate=0.40

  Best config for SAC: {'learning_rate': 0.0001, 'batch_size': 256, 'tau': 0.01, 'learning_starts': 1000, 'net_arch': [256, 256, 256], 'ent_coef': 'auto'} (score=0.60)

==================================================
Random search for PPO
==================================================
  Trial 1/10 | config: {'learning_rate': 0.001, 'n_steps': 4096, 'n_epochs': 5, 'clip_range': 0.3, 'net_arch': [128, 128]}
    success_rate=0.30
  Trial 2/10 | config: {'learning_rate': 0.0003, 'n_steps': 1024, 'n_epochs': 10, 'clip_range': 0.2, 'net_arch': [128, 128]}
    success_rate=0.10
  Trial 3/10 | config: {'learning_rate': 0.0003, 'n_steps': 1024, 'n_epochs': 10, 'clip_range': 0.2, 'net_arch': [256, 256, 256]}
    success_rate=0.20
  Trial 4/10 | config: {'learning_rate': 0.001, 'n_steps': 2048, 'n_epochs': 5, 'clip_range': 0.3, 'net_arch': [128, 128]}
    success_rate=0.10
  Trial 5/10 | config: {'learning_rate': 0.003, 'n_steps': 4096, 'n_epochs': 20, 'clip_range': 0.3, 'net_arch': [256, 256]}
    success_rate=0.00
  Trial 6/10 | config: {'learning_rate': 0.003, 'n_steps': 4096, 'n_epochs': 20, 'clip_range': 0.3, 'net_arch': [256, 256]}
    success_rate=0.00
  Trial 7/10 | config: {'learning_rate': 0.0001, 'n_steps': 2048, 'n_epochs': 5, 'clip_range': 0.1, 'net_arch': [64, 64]}
    success_rate=0.40
  Trial 8/10 | config: {'learning_rate': 0.0001, 'n_steps': 2048, 'n_epochs': 10, 'clip_range': 0.3, 'net_arch': [256, 256, 256]}
    success_rate=0.20
  Trial 9/10 | config: {'learning_rate': 0.0001, 'n_steps': 1024, 'n_epochs': 5, 'clip_range': 0.2, 'net_arch': [256, 256]}
    success_rate=0.30
  Trial 10/10 | config: {'learning_rate': 0.0003, 'n_steps': 2048, 'n_epochs': 5, 'clip_range': 0.2, 'net_arch': [256, 256, 256]}
    success_rate=0.00

  Best config for PPO: {'learning_rate': 0.0001, 'n_steps': 2048, 'n_epochs': 5, 'clip_range': 0.1, 'net_arch': [64, 64]} (score=0.40)

==================================================
Random search for TRPO
==================================================
  Trial 1/10 | config: {'learning_rate': 0.003, 'n_steps': 1024, 'net_arch': [64, 64]}
    success_rate=0.00
  Trial 2/10 | config: {'learning_rate': 0.003, 'n_steps': 1024, 'net_arch': [256, 256, 256]}
    success_rate=0.00
  Trial 3/10 | config: {'learning_rate': 0.003, 'n_steps': 2048, 'net_arch': [256, 256, 256]}
    success_rate=0.00
  Trial 4/10 | config: {'learning_rate': 0.003, 'n_steps': 1024, 'net_arch': [128, 128]}
    success_rate=0.10
  Trial 5/10 | config: {'learning_rate': 0.001, 'n_steps': 1024, 'net_arch': [64, 64]}
    success_rate=0.00
  Trial 6/10 | config: {'learning_rate': 0.0003, 'n_steps': 2048, 'net_arch': [128, 128]}
    success_rate=0.00
  Trial 7/10 | config: {'learning_rate': 0.003, 'n_steps': 1024, 'net_arch': [64, 64]}
    success_rate=0.00
  Trial 8/10 | config: {'learning_rate': 0.0003, 'n_steps': 2048, 'net_arch': [64, 64]}
    success_rate=0.00
  Trial 9/10 | config: {'learning_rate': 0.0001, 'n_steps': 1024, 'net_arch': [64, 64]}
    success_rate=0.00
  Trial 10/10 | config: {'learning_rate': 0.0003, 'n_steps': 2048, 'net_arch': [256, 256, 256]}
    success_rate=0.00

  Best config for TRPO: {'learning_rate': 0.003, 'n_steps': 1024, 'net_arch': [128, 128]} (score=0.10)

==================================================
FINAL BEST CONFIGURATIONS:
==================================================
DDPG: {'learning_rate': 0.0003, 'batch_size': 256, 'tau': 0.01, 'learning_starts': 5000, 'net_arch': [256, 256]}
TD3: {'learning_rate': 0.001, 'batch_size': 128, 'tau': 0.005, 'learning_starts': 10000, 'net_arch': [256, 256]}
SAC: {'learning_rate': 0.0001, 'batch_size': 256, 'tau': 0.01, 'learning_starts': 1000, 'net_arch': [256, 256, 256], 'ent_coef': 'auto'}
PPO: {'learning_rate': 0.0001, 'n_steps': 2048, 'n_epochs': 5, 'clip_range': 0.1, 'net_arch': [64, 64]}
TRPO: {'learning_rate': 0.003, 'n_steps': 1024, 'net_arch': [128, 128]}
